
> react-typescript-starter@0.1.0 test
> react-scripts test "--coverage"

PASS src/components/AddPlanModal.test.tsx
PASS src/components/SemesterLayout.test.tsx
PASS src/App.test.tsx
---------------------|---------|----------|---------|---------|-------------------
File                 | % Stmts | % Branch | % Funcs | % Lines | Uncovered Line #s 
---------------------|---------|----------|---------|---------|-------------------
All files            |   31.18 |     7.69 |   26.66 |   29.67 |                   
 src                 |     100 |       50 |     100 |     100 |                   
  App.tsx            |     100 |       50 |     100 |     100 | 24                
 src/components      |   15.78 |     4.16 |   10.81 |   15.78 |                   
  AddPlanModal.tsx   |   61.53 |        0 |      40 |   61.53 | 40-43,81-93       
  CourseEditor.tsx   |       0 |      100 |       0 |       0 | 15-132            
  DisplayCourse.tsx  |       0 |        0 |       0 |       0 | 8-128             
  DisplayPlan.tsx    |     100 |       50 |     100 |     100 | 12                
  SemesterLayout.tsx |   21.42 |        0 |   14.28 |   21.42 | 10-29,36-41       
 src/interfaces      |       0 |        0 |       0 |       0 |                   
  course.ts          |       0 |        0 |       0 |       0 |                   
  degreeplan.ts      |       0 |        0 |       0 |       0 |                   
  semester.ts        |       0 |        0 |       0 |       0 |                   
---------------------|---------|----------|---------|---------|-------------------

Test Suites: 3 passed, 3 total
Tests:       8 passed, 8 total
Snapshots:   0 total
Time:        3.835 s
Ran all test suites.
